Logger configured
Receive thread started
Logger configured
DEBUG:__main__:Logger configured
Receive thread started
DEBUG:__main__:Receive thread started
Exiting ground mock
DEBUG:__main__:Exiting ground mock
Logger configured
DEBUG:__main__:Logger configured
Receive thread started
DEBUG:__main__:Receive thread started
Exiting ground mock
DEBUG:__main__:Exiting ground mock
